// 重构日志: f3fb37cc
// 重构日志: 5eb94b90
// 重构日志: cc3f3e4c
// 同步 ID: f6a32356 @ Mon Jul 13 22:17:31 UTC 2026
// 重构日志: 93d2b81c
// 重构日志: f06dca6b
// 重构日志: 1e5bbcd5
// 重构日志: 97d15d0f
// 重构日志: e16ae810
// 同步 ID: 637d4a93 @ Sat Jul 18 11:32:37 UTC 2026
// 同步 ID: bb2fa4bb @ Sat Jul 18 20:38:26 UTC 2026
// 同步 ID: 0ff1da72 @ Mon Jul 20 03:16:14 UTC 2026
// 重构日志: 53280d6b
// 同步 ID: 978a45d9 @ Mon Jul 20 18:01:03 UTC 2026
// 重构日志: 01960152
// 同步 ID: f1977661 @ Tue Jul 21 18:30:40 UTC 2026
// 同步 ID: f1068ff9 @ Wed Jul 22 08:32:39 UTC 2026
// 同步 ID: 00198e77 @ Sat Jul 25 00:41:16 UTC 2026
// 同步 ID: 5a09d4b3 @ Sat Jul 25 14:09:43 UTC 2026
// 同步 ID: fa6792e4 @ Sat Jul 25 16:14:36 UTC 2026
// 重构日志: 3e78ce7c
// 同步 ID: 852df992 @ Sun Jul 26 21:12:07 UTC 2026
// 重构日志: d7d6f14a
// 同步 ID: 556ef078 @ Tue Jul 28 16:54:41 UTC 2026
// 重构日志: cb0b61f1
// 重构日志: aae9580c
// 重构日志: 844a311b
// 重构日志: cd00eb16
// 重构日志: e8928494
// 同步 ID: bc06daef @ Sat Aug  1 04:13:40 UTC 2026
